Archive member included because of file (symbol)

/Users/Martin/Library/Application Support/Pebble SDK/SDKs/current/sdk-core/pebble/aplite/lib/libpebble.a(tmp1DSiDppebble.o)
                              src/watchface.c.14.o (app_event_loop)
/usr/local/Cellar/pebble-toolchain/2.0/arm-cs-tools/bin/../lib/gcc/arm-none-eabi/4.7.2/thumb2/libgcc.a(_arm_addsubdf3.o)
                              src/watchface.c.14.o (__aeabi_dsub)
/usr/local/Cellar/pebble-toolchain/2.0/arm-cs-tools/bin/../lib/gcc/arm-none-eabi/4.7.2/thumb2/libgcc.a(_arm_muldivdf3.o)
                              src/watchface.c.14.o (__aeabi_dmul)
/usr/local/Cellar/pebble-toolchain/2.0/arm-cs-tools/bin/../lib/gcc/arm-none-eabi/4.7.2/thumb2/libgcc.a(_arm_fixdfsi.o)
                              src/watchface.c.14.o (__aeabi_d2iz)

Discarded input sections

 .text          0x0000000000000000        0x0 /usr/local/Cellar/pebble-toolchain/2.0/arm-cs-tools/bin/../lib/gcc/arm-none-eabi/4.7.2/thumb2/crti.o
 .bss           0x0000000000000000        0x0 /usr/local/Cellar/pebble-toolchain/2.0/arm-cs-tools/bin/../lib/gcc/arm-none-eabi/4.7.2/thumb2/crti.o
 .init          0x0000000000000000        0x4 /usr/local/Cellar/pebble-toolchain/2.0/arm-cs-tools/bin/../lib/gcc/arm-none-eabi/4.7.2/thumb2/crti.o
 .fini          0x0000000000000000        0x4 /usr/local/Cellar/pebble-toolchain/2.0/arm-cs-tools/bin/../lib/gcc/arm-none-eabi/4.7.2/thumb2/crti.o
 .text          0x0000000000000000       0xc8 /usr/local/Cellar/pebble-toolchain/2.0/arm-cs-tools/bin/../lib/gcc/arm-none-eabi/4.7.2/thumb2/crtbegin.o
 .bss           0x0000000000000000       0x1c /usr/local/Cellar/pebble-toolchain/2.0/arm-cs-tools/bin/../lib/gcc/arm-none-eabi/4.7.2/thumb2/crtbegin.o
 .init_array    0x0000000000000000        0x4 /usr/local/Cellar/pebble-toolchain/2.0/arm-cs-tools/bin/../lib/gcc/arm-none-eabi/4.7.2/thumb2/crtbegin.o
 .fini_array    0x0000000000000000        0x4 /usr/local/Cellar/pebble-toolchain/2.0/arm-cs-tools/bin/../lib/gcc/arm-none-eabi/4.7.2/thumb2/crtbegin.o
 .eh_frame      0x0000000000000000        0x0 /usr/local/Cellar/pebble-toolchain/2.0/arm-cs-tools/bin/../lib/gcc/arm-none-eabi/4.7.2/thumb2/crtbegin.o
 .jcr           0x0000000000000000        0x0 /usr/local/Cellar/pebble-toolchain/2.0/arm-cs-tools/bin/../lib/gcc/arm-none-eabi/4.7.2/thumb2/crtbegin.o
 .tm_clone_table
                0x0000000000000000        0x0 /usr/local/Cellar/pebble-toolchain/2.0/arm-cs-tools/bin/../lib/gcc/arm-none-eabi/4.7.2/thumb2/crtbegin.o
 .text          0x0000000000000000        0x0 src/watchface.c.14.o
 .bss           0x0000000000000000        0x0 src/watchface.c.14.o
 .text          0x0000000000000000        0x0 aplite/appinfo.auto.c.14.o
 .bss           0x0000000000000000        0x0 aplite/appinfo.auto.c.14.o
 .bss           0x0000000000000000        0x0 /Users/Martin/Library/Application Support/Pebble SDK/SDKs/current/sdk-core/pebble/aplite/lib/libpebble.a(tmp1DSiDppebble.o)
 .text.accel_data_service_subscribe__deprecated
                0x0000000000000000        0xc /Users/Martin/Library/Application Support/Pebble SDK/SDKs/current/sdk-core/pebble/aplite/lib/libpebble.a(tmp1DSiDppebble.o)
 .text.accel_data_service_unsubscribe
                0x0000000000000000        0xc /Users/Martin/Library/Application Support/Pebble SDK/SDKs/current/sdk-core/pebble/aplite/lib/libpebble.a(tmp1DSiDppebble.o)
 .text.accel_service_peek
                0x0000000000000000        0xc /Users/Martin/Library/Application Support/Pebble SDK/SDKs/current/sdk-core/pebble/aplite/lib/libpebble.a(tmp1DSiDppebble.o)
 .text.accel_service_set_samples_per_update
                0x0000000000000000        0xc /Users/Martin/Library/Application Support/Pebble SDK/SDKs/current/sdk-core/pebble/aplite/lib/libpebble.a(tmp1DSiDppebble.o)
 .text.accel_service_set_sampling_rate
                0x0000000000000000        0xc /Users/Martin/Library/Application Support/Pebble SDK/SDKs/current/sdk-core/pebble/aplite/lib/libpebble.a(tmp1DSiDppebble.o)
 .text.accel_tap_service_subscribe
                0x0000000000000000        0xc /Users/Martin/Library/Application Support/Pebble SDK/SDKs/current/sdk-core/pebble/aplite/lib/libpebble.a(tmp1DSiDppebble.o)
 .text.accel_tap_service_unsubscribe
                0x0000000000000000        0xc /Users/Martin/Library/Application Support/Pebble SDK/SDKs/current/sdk-core/pebble/aplite/lib/libpebble.a(tmp1DSiDppebble.o)
 .text.action_bar_layer_legacy2_add_to_window
                0x0000000000000000        0xc /Users/Martin/Library/Application Support/Pebble SDK/SDKs/current/sdk-core/pebble/aplite/lib/libpebble.a(tmp1DSiDppebble.o)
 .text.action_bar_layer_legacy2_clear_icon
                0x0000000000000000        0xc /Users/Martin/Library/Application Support/Pebble SDK/SDKs/current/sdk-core/pebble/aplite/lib/libpebble.a(tmp1DSiDppebble.o)
 .text.action_bar_layer_legacy2_create
[...]
Memory Configuration

Name             Origin             Length             Attributes
APP              0x0000000000000000 0x0000000000006000 xrw
*default*        0x0000000000000000 0xffffffffffffffff

Linker script and memory map

LOAD /usr/local/Cellar/pebble-toolchain/2.0/arm-cs-tools/bin/../lib/gcc/arm-none-eabi/4.7.2/thumb2/crti.o
LOAD /usr/local/Cellar/pebble-toolchain/2.0/arm-cs-tools/bin/../lib/gcc/arm-none-eabi/4.7.2/thumb2/crtbegin.o
LOAD src/watchface.c.14.o
LOAD aplite/appinfo.auto.c.14.o
LOAD /Users/Martin/Library/Application Support/Pebble SDK/SDKs/current/sdk-core/pebble/aplite/lib/libpebble.a
START GROUP
LOAD /usr/local/Cellar/pebble-toolchain/2.0/arm-cs-tools/bin/../lib/gcc/arm-none-eabi/4.7.2/thumb2/libgcc.a
LOAD /usr/local/Cellar/pebble-toolchain/2.0/arm-cs-tools/bin/../lib/gcc/arm-none-eabi/4.7.2/../../../../arm-none-eabi/lib/thumb2/libc.a
END GROUP
LOAD /usr/local/Cellar/pebble-toolchain/2.0/arm-cs-tools/bin/../lib/gcc/arm-none-eabi/4.7.2/thumb2/crtend.o
LOAD /usr/local/Cellar/pebble-toolchain/2.0/arm-cs-tools/bin/../lib/gcc/arm-none-eabi/4.7.2/thumb2/crtn.o

.header         0x0000000000000000       0x82
 *(.pbl_header)
 .pbl_header    0x0000000000000000       0x82 aplite/appinfo.auto.c.14.o
                0x0000000000000000                __pbl_app_info

.note.gnu.build-id
                0x0000000000000082       0x26
                0x0000000000000082                PROVIDE (BUILD_ID, .)
 *(.note.gnu.build-id)
 *fill*         0x0000000000000082        0x2 
 .note.gnu.build-id
                0x0000000000000084       0x24 linker stubs

.text           0x00000000000000a8     0x1921
 *(.text)
 .text          0x00000000000000a8       0x14 /Users/Martin/Library/Application Support/Pebble SDK/SDKs/current/sdk-core/pebble/aplite/lib/libpebble.a(tmp1DSiDppebble.o)
 .text          0x00000000000000bc      0x370 /usr/local/Cellar/pebble-toolchain/2.0/arm-cs-tools/bin/../lib/gcc/arm-none-eabi/4.7.2/thumb2/libgcc.a(_arm_addsubdf3.o)
                0x00000000000000bc                __aeabi_drsub
                0x00000000000000c4                __subdf3
                0x00000000000000c4                __aeabi_dsub
                0x00000000000000c8                __aeabi_dadd
                0x00000000000000c8                __adddf3
                0x0000000000000340                __aeabi_ui2d
                0x0000000000000340                __floatunsidf
                0x0000000000000360                __floatsidf
                0x0000000000000360                __aeabi_i2d
                0x0000000000000384                __extendsfdf2
                0x0000000000000384                __aeabi_f2d
                0x00000000000003c0                __aeabi_ul2d
                0x00000000000003c0                __floatundidf
                0x00000000000003d0                __aeabi_l2d
                0x00000000000003d0                __floatdidf
 .text          0x000000000000042c      0x424 /usr/local/Cellar/pebble-toolchain/2.0/arm-cs-tools/bin/../lib/gcc/arm-none-eabi/4.7.2/thumb2/libgcc.a(_arm_muldivdf3.o)
                0x000000000000042c                __aeabi_dmul
                0x000000000000042c                __muldf3
                0x0000000000000680                __aeabi_ddiv
                0x0000000000000680                __divdf3
 .text          0x0000000000000850       0x50 /usr/local/Cellar/pebble-toolchain/2.0/arm-cs-tools/bin/../lib/gcc/arm-none-eabi/4.7.2/thumb2/libgcc.a(_arm_fixdfsi.o)
                0x0000000000000850                __fixdfsi
                0x0000000000000850                __aeabi_d2iz
 *(.text.*)
 .text.battery_handler
                0x00000000000008a0       0x58 src/watchface.c.14.o
 .text.outbox_sent_callback
                0x00000000000008f8       0x18 src/watchface.c.14.o
 .text.outbox_failed_callback
                0x0000000000000910       0x18 src/watchface.c.14.o
 .text.inbox_dropped_callback
                0x0000000000000928       0x18 src/watchface.c.14.o
 .text.update_display_style1
                0x0000000000000940      0x2b8 src/watchface.c.14.o
 .text.update_time_to
                0x0000000000000bf8       0x18 src/watchface.c.14.o
 .text.update_time
                0x0000000000000c10      0x184 src/watchface.c.14.o
 .text.main_window_unload
                0x0000000000000d94       0xa0 src/watchface.c.14.o
 *fill*         0x0000000000000e34        0x4 
 .text.calcLen2
                0x0000000000000e38       0x48 src/watchface.c.14.o
 .text.update_style
                0x0000000000000e80       0x4c src/watchface.c.14.o
 .text.inbox_received_callback
                0x0000000000000ecc      0x12c src/watchface.c.14.o
 .text.tick_handler
                0x0000000000000ff8       0x50 src/watchface.c.14.o
 .text.bluetooth_handler
                0x0000000000001048       0x44 src/watchface.c.14.o
 .text.main_window_load
                0x000000000000108c      0x398 src/watchface.c.14.o
 *fill*         0x0000000000001424        0x4 
 .text.calcLen4
                0x0000000000001428       0x70 src/watchface.c.14.o
 .text.update_display_style2
                0x0000000000001498      0x188 src/watchface.c.14.o
 .text.startup.main
                0x0000000000001620       0x90 src/watchface.c.14.o
                0x0000000000001620                main
 .text.app_event_loop
                0x00000000000016b0        0xc /Users/Martin/Library/Application Support/Pebble SDK/SDKs/current/sdk-core/pebble/aplite/lib/libpebble.a(tmp1DSiDppebble.o)
                0x00000000000016b0                app_event_loop
 .text.app_log  0x00000000000016bc        0xc /Users/Martin/Library/Application Support/Pebble SDK/SDKs/current/sdk-core/pebble/aplite/lib/libpebble.a(tmp1DSiDppebble.o)
                0x00000000000016bc                app_log
 .text.app_message_open
                0x00000000000016c8        0xc /Users/Martin/Library/Application Support/Pebble SDK/SDKs/current/sdk-core/pebble/aplite/lib/libpebble.a(tmp1DSiDppebble.o)
                0x00000000000016c8                app_message_open
 .text.battery_state_service_peek
                0x00000000000016d4        0xc /Users/Martin/Library/Application Support/Pebble SDK/SDKs/current/sdk-core/pebble/aplite/lib/libpebble.a(tmp1DSiDppebble.o)
                0x00000000000016d4                battery_state_service_peek
 .text.battery_state_service_subscribe
                0x00000000000016e0        0xc /Users/Martin/Library/Application Support/Pebble SDK/SDKs/current/sdk-core/pebble/aplite/lib/libpebble.a(tmp1DSiDppebble.o)
                0x00000000000016e0                battery_state_service_subscribe
 .text.battery_state_service_unsubscribe
                0x00000000000016ec        0xc /Users/Martin/Library/Application Support/Pebble SDK/SDKs/current/sdk-core/pebble/aplite/lib/libpebble.a(tmp1DSiDppebble.o)
                0x00000000000016ec                battery_state_service_unsubscribe
 .text.clock_is_24h_style
                0x00000000000016f8        0xc /Users/Martin/Library/Application Support/Pebble SDK/SDKs/current/sdk-core/pebble/aplite/lib/libpebble.a(tmp1DSiDppebble.o)
                0x00000000000016f8                clock_is_24h_style
 .text.dict_find
                0x0000000000001704        0xc /Users/Martin/Library/Application Support/Pebble SDK/SDKs/current/sdk-core/pebble/aplite/lib/libpebble.a(tmp1DSiDppebble.o)
                0x0000000000001704                dict_find
 .text.dict_write_uint8
                0x0000000000001710        0xc /Users/Martin/Library/Application Support/Pebble SDK/SDKs/current/sdk-core/pebble/aplite/lib/libpebble.a(tmp1DSiDppebble.o)
                0x0000000000001710                dict_write_uint8
 .text.fonts_load_custom_font
                0x000000000000171c        0xc /Users/Martin/Library/Application Support/Pebble SDK/SDKs/current/sdk-core/pebble/aplite/lib/libpebble.a(tmp1DSiDppebble.o)
                0x000000000000171c                fonts_load_custom_font
 .text.fonts_unload_custom_font
                0x0000000000001728        0xc /Users/Martin/Library/Application Support/Pebble SDK/SDKs/current/sdk-core/pebble/aplite/lib/libpebble.a(tmp1DSiDppebble.o)
                0x0000000000001728                fonts_unload_custom_font
 .text.graphics_fill_circle
                0x0000000000001734        0xc /Users/Martin/Library/Application Support/Pebble SDK/SDKs/current/sdk-core/pebble/aplite/lib/libpebble.a(tmp1DSiDppebble.o)
                0x0000000000001734                graphics_fill_circle
 .text.graphics_fill_rect
                0x0000000000001740        0xc /Users/Martin/Library/Application Support/Pebble SDK/SDKs/current/sdk-core/pebble/aplite/lib/libpebble.a(tmp1DSiDppebble.o)
                0x0000000000001740                graphics_fill_rect
 .text.layer_add_child
                0x000000000000174c        0xc /Users/Martin/Library/Application Support/Pebble SDK/SDKs/current/sdk-core/pebble/aplite/lib/libpebble.a(tmp1DSiDppebble.o)
                0x000000000000174c                layer_add_child
 .text.layer_create
                0x0000000000001758        0xc /Users/Martin/Library/Application Support/Pebble SDK/SDKs/current/sdk-core/pebble/aplite/lib/libpebble.a(tmp1DSiDppebble.o)
                0x0000000000001758                layer_create
 .text.layer_get_bounds
                0x0000000000001764        0xc /Users/Martin/Library/Application Support/Pebble SDK/SDKs/current/sdk-core/pebble/aplite/lib/libpebble.a(tmp1DSiDppebble.o)
                0x0000000000001764                layer_get_bounds
 .text.layer_mark_dirty
                0x0000000000001770        0xc /Users/Martin/Library/Application Support/Pebble SDK/SDKs/current/sdk-core/pebble/aplite/lib/libpebble.a(tmp1DSiDppebble.o)
                0x0000000000001770                layer_mark_dirty
 .text.layer_set_hidden
                0x000000000000177c        0xc /Users/Martin/Library/Application Support/Pebble SDK/SDKs/current/sdk-core/pebble/aplite/lib/libpebble.a(tmp1DSiDppebble.o)
                0x000000000000177c                layer_set_hidden
 .text.layer_set_update_proc
                0x0000000000001788        0xc /Users/Martin/Library/Application Support/Pebble SDK/SDKs/current/sdk-core/pebble/aplite/lib/libpebble.a(tmp1DSiDppebble.o)
                0x0000000000001788                layer_set_update_proc
 .text.memset   0x0000000000001794        0xc /Users/Martin/Library/Application Support/Pebble SDK/SDKs/current/sdk-core/pebble/aplite/lib/libpebble.a(tmp1DSiDppebble.o)
                0x0000000000001794                memset
 .text.persist_read_int
                0x00000000000017a0        0xc /Users/Martin/Library/Application Support/Pebble SDK/SDKs/current/sdk-core/pebble/aplite/lib/libpebble.a(tmp1DSiDppebble.o)
                0x00000000000017a0                persist_read_int
 .text.persist_write_int
                0x00000000000017ac        0xc /Users/Martin/Library/Application Support/Pebble SDK/SDKs/current/sdk-core/pebble/aplite/lib/libpebble.a(tmp1DSiDppebble.o)
                0x00000000000017ac                persist_write_int
 .text.resource_get_handle
                0x00000000000017b8        0xc /Users/Martin/Library/Application Support/Pebble SDK/SDKs/current/sdk-core/pebble/aplite/lib/libpebble.a(tmp1DSiDppebble.o)
                0x00000000000017b8                resource_get_handle
 .text.snprintf
                0x00000000000017c4        0xc /Users/Martin/Library/Application Support/Pebble SDK/SDKs/current/sdk-core/pebble/aplite/lib/libpebble.a(tmp1DSiDppebble.o)
                0x00000000000017c4                snprintf
 .text.strftime
                0x00000000000017d0        0xc /Users/Martin/Library/Application Support/Pebble SDK/SDKs/current/sdk-core/pebble/aplite/lib/libpebble.a(tmp1DSiDppebble.o)
                0x00000000000017d0                strftime
 .text.tick_timer_service_subscribe
                0x00000000000017dc        0xc /Users/Martin/Library/Application Support/Pebble SDK/SDKs/current/sdk-core/pebble/aplite/lib/libpebble.a(tmp1DSiDppebble.o)
                0x00000000000017dc                tick_timer_service_subscribe
 .text.tick_timer_service_unsubscribe
                0x00000000000017e8        0xc /Users/Martin/Library/Application Support/Pebble SDK/SDKs/current/sdk-core/pebble/aplite/lib/libpebble.a(tmp1DSiDppebble.o)
                0x00000000000017e8                tick_timer_service_unsubscribe
 .text.vibes_short_pulse
                0x00000000000017f4        0xc /Users/Martin/Library/Application Support/Pebble SDK/SDKs/current/sdk-core/pebble/aplite/lib/libpebble.a(tmp1DSiDppebble.o)
                0x00000000000017f4                vibes_short_pulse
 .text.window_create
                0x0000000000001800        0xc /Users/Martin/Library/Application Support/Pebble SDK/SDKs/current/sdk-core/pebble/aplite/lib/libpebble.a(tmp1DSiDppebble.o)
                0x0000000000001800                window_create
 .text.window_destroy
                0x000000000000180c        0xc /Users/Martin/Library/Application Support/Pebble SDK/SDKs/current/sdk-core/pebble/aplite/lib/libpebble.a(tmp1DSiDppebble.o)
                0x000000000000180c                window_destroy
 .text.window_get_root_layer
                0x0000000000001818        0xc /Users/Martin/Library/Application Support/Pebble SDK/SDKs/current/sdk-core/pebble/aplite/lib/libpebble.a(tmp1DSiDppebble.o)
                0x0000000000001818                window_get_root_layer
 .text.window_set_window_handlers
                0x0000000000001824        0xc /Users/Martin/Library/Application Support/Pebble SDK/SDKs/current/sdk-core/pebble/aplite/lib/libpebble.a(tmp1DSiDppebble.o)
                0x0000000000001824                window_set_window_handlers
 .text.window_stack_push
                0x0000000000001830        0xc /Users/Martin/Library/Application Support/Pebble SDK/SDKs/current/sdk-core/pebble/aplite/lib/libpebble.a(tmp1DSiDppebble.o)
                0x0000000000001830                window_stack_push
 .text.app_message_outbox_begin
                0x000000000000183c        0xc /Users/Martin/Library/Application Support/Pebble SDK/SDKs/current/sdk-core/pebble/aplite/lib/libpebble.a(tmp1DSiDppebble.o)
                0x000000000000183c                app_message_outbox_begin
 .text.app_message_outbox_send
                0x0000000000001848        0xc /Users/Martin/Library/Application Support/Pebble SDK/SDKs/current/sdk-core/pebble/aplite/lib/libpebble.a(tmp1DSiDppebble.o)
                0x0000000000001848                app_message_outbox_send
 .text.app_message_register_inbox_dropped
                0x0000000000001854        0xc /Users/Martin/Library/Application Support/Pebble SDK/SDKs/current/sdk-core/pebble/aplite/lib/libpebble.a(tmp1DSiDppebble.o)
                0x0000000000001854                app_message_register_inbox_dropped
 .text.app_message_register_inbox_received
                0x0000000000001860        0xc /Users/Martin/Library/Application Support/Pebble SDK/SDKs/current/sdk-core/pebble/aplite/lib/libpebble.a(tmp1DSiDppebble.o)
                0x0000000000001860                app_message_register_inbox_received
 .text.app_message_register_outbox_failed
                0x000000000000186c        0xc /Users/Martin/Library/Application Support/Pebble SDK/SDKs/current/sdk-core/pebble/aplite/lib/libpebble.a(tmp1DSiDppebble.o)
                0x000000000000186c                app_message_register_outbox_failed
 .text.app_message_register_outbox_sent
                0x0000000000001878        0xc /Users/Martin/Library/Application Support/Pebble SDK/SDKs/current/sdk-core/pebble/aplite/lib/libpebble.a(tmp1DSiDppebble.o)
                0x0000000000001878                app_message_register_outbox_sent
 .text.graphics_context_set_fill_color
                0x0000000000001884        0xc /Users/Martin/Library/Application Support/Pebble SDK/SDKs/current/sdk-core/pebble/aplite/lib/libpebble.a(tmp1DSiDppebble.o)
                0x0000000000001884                graphics_context_set_fill_color
 .text.window_set_background_color
                0x0000000000001890        0xc /Users/Martin/Library/Application Support/Pebble SDK/SDKs/current/sdk-core/pebble/aplite/lib/libpebble.a(tmp1DSiDppebble.o)
                0x0000000000001890                window_set_background_color
 .text.localtime
                0x000000000000189c        0xc /Users/Martin/Library/Application Support/Pebble SDK/SDKs/current/sdk-core/pebble/aplite/lib/libpebble.a(tmp1DSiDppebble.o)
                0x000000000000189c                localtime
 .text.text_layer_create
                0x00000000000018a8        0xc /Users/Martin/Library/Application Support/Pebble SDK/SDKs/current/sdk-core/pebble/aplite/lib/libpebble.a(tmp1DSiDppebble.o)
                0x00000000000018a8                text_layer_create
 .text.text_layer_destroy
                0x00000000000018b4        0xc /Users/Martin/Library/Application Support/Pebble SDK/SDKs/current/sdk-core/pebble/aplite/lib/libpebble.a(tmp1DSiDppebble.o)
                0x00000000000018b4                text_layer_destroy
 .text.text_layer_get_layer
                0x00000000000018c0        0xc /Users/Martin/Library/Application Support/Pebble SDK/SDKs/current/sdk-core/pebble/aplite/lib/libpebble.a(tmp1DSiDppebble.o)
                0x00000000000018c0                text_layer_get_layer
 .text.text_layer_set_background_color
                0x00000000000018cc        0xc /Users/Martin/Library/Application Support/Pebble SDK/SDKs/current/sdk-core/pebble/aplite/lib/libpebble.a(tmp1DSiDppebble.o)
                0x00000000000018cc                text_layer_set_background_color
 .text.text_layer_set_font
                0x00000000000018d8        0xc /Users/Martin/Library/Application Support/Pebble SDK/SDKs/current/sdk-core/pebble/aplite/lib/libpebble.a(tmp1DSiDppebble.o)
                0x00000000000018d8                text_layer_set_font
 .text.text_layer_set_text
                0x00000000000018e4        0xc /Users/Martin/Library/Application Support/Pebble SDK/SDKs/current/sdk-core/pebble/aplite/lib/libpebble.a(tmp1DSiDppebble.o)
                0x00000000000018e4                text_layer_set_text
 .text.text_layer_set_text_alignment
                0x00000000000018f0        0xc /Users/Martin/Library/Application Support/Pebble SDK/SDKs/current/sdk-core/pebble/aplite/lib/libpebble.a(tmp1DSiDppebble.o)
                0x00000000000018f0                text_layer_set_text_alignment
 .text.text_layer_set_text_color
                0x00000000000018fc        0xc /Users/Martin/Library/Application Support/Pebble SDK/SDKs/current/sdk-core/pebble/aplite/lib/libpebble.a(tmp1DSiDppebble.o)
                0x00000000000018fc                text_layer_set_text_color
 .text.time     0x0000000000001908        0xc /Users/Martin/Library/Application Support/Pebble SDK/SDKs/current/sdk-core/pebble/aplite/lib/libpebble.a(tmp1DSiDppebble.o)
                0x0000000000001908                time
 .text.connection_service_peek_pebble_app_connection
                0x0000000000001914        0xc /Users/Martin/Library/Application Support/Pebble SDK/SDKs/current/sdk-core/pebble/aplite/lib/libpebble.a(tmp1DSiDppebble.o)
                0x0000000000001914                connection_service_peek_pebble_app_connection
 .text.connection_service_subscribe
                0x0000000000001920        0xc /Users/Martin/Library/Application Support/Pebble SDK/SDKs/current/sdk-core/pebble/aplite/lib/libpebble.a(tmp1DSiDppebble.o)
                0x0000000000001920                connection_service_subscribe
 .text.connection_service_unsubscribe
                0x000000000000192c        0xc /Users/Martin/Library/Application Support/Pebble SDK/SDKs/current/sdk-core/pebble/aplite/lib/libpebble.a(tmp1DSiDppebble.o)
                0x000000000000192c                connection_service_unsubscribe
 *(.rodata)
 *(.rodata*)
 .rodata.str1.1
                0x0000000000001938       0x91 src/watchface.c.14.o
                                         0x94 (size before relaxing)

.glue_7         0x00000000000019cc        0x0
 .glue_7        0x0000000000000000        0x0 linker stubs

.glue_7t        0x00000000000019cc        0x0
 .glue_7t       0x0000000000000000        0x0 linker stubs

.vfp11_veneer   0x00000000000019cc        0x0
 .vfp11_veneer  0x0000000000000000        0x0 linker stubs

.v4_bx          0x00000000000019cc        0x0
 .v4_bx         0x0000000000000000        0x0 linker stubs

.iplt           0x00000000000019cc        0x0
 .iplt          0x0000000000000000        0x0 /usr/local/Cellar/pebble-toolchain/2.0/arm-cs-tools/bin/../lib/gcc/arm-none-eabi/4.7.2/thumb2/crtbegin.o

.rel.dyn        0x00000000000019cc        0x0
 .rel.iplt      0x0000000000000000        0x0 /usr/local/Cellar/pebble-toolchain/2.0/arm-cs-tools/bin/../lib/gcc/arm-none-eabi/4.7.2/thumb2/crtbegin.o

.data           0x00000000000019cc       0x10
 *(.data)
 .data          0x00000000000019cc        0x0 /usr/local/Cellar/pebble-toolchain/2.0/arm-cs-tools/bin/../lib/gcc/arm-none-eabi/4.7.2/thumb2/crti.o
 .data          0x00000000000019cc        0x4 /usr/local/Cellar/pebble-toolchain/2.0/arm-cs-tools/bin/../lib/gcc/arm-none-eabi/4.7.2/thumb2/crtbegin.o
                0x00000000000019cc                __dso_handle
 .data          0x00000000000019d0        0x0 src/watchface.c.14.o
 .data          0x00000000000019d0        0x0 aplite/appinfo.auto.c.14.o
 .data          0x00000000000019d0        0x0 /Users/Martin/Library/Application Support/Pebble SDK/SDKs/current/sdk-core/pebble/aplite/lib/libpebble.a(tmp1DSiDppebble.o)
 .data          0x00000000000019d0        0x0 /usr/local/Cellar/pebble-toolchain/2.0/arm-cs-tools/bin/../lib/gcc/arm-none-eabi/4.7.2/thumb2/libgcc.a(_arm_addsubdf3.o)
 .data          0x00000000000019d0        0x0 /usr/local/Cellar/pebble-toolchain/2.0/arm-cs-tools/bin/../lib/gcc/arm-none-eabi/4.7.2/thumb2/libgcc.a(_arm_muldivdf3.o)
 .data          0x00000000000019d0        0x0 /usr/local/Cellar/pebble-toolchain/2.0/arm-cs-tools/bin/../lib/gcc/arm-none-eabi/4.7.2/thumb2/libgcc.a(_arm_fixdfsi.o)
 .data          0x00000000000019d0        0x0 /usr/local/Cellar/pebble-toolchain/2.0/arm-cs-tools/bin/../lib/gcc/arm-none-eabi/4.7.2/thumb2/crtend.o
 .data          0x00000000000019d0        0x0 /usr/local/Cellar/pebble-toolchain/2.0/arm-cs-tools/bin/../lib/gcc/arm-none-eabi/4.7.2/thumb2/crtn.o
 *(.data.*)
 .data.secondsStyle
                0x00000000000019d0        0x4 src/watchface.c.14.o
 .data.minutes_to
                0x00000000000019d4        0x4 src/watchface.c.14.o
 .data.hours_to
                0x00000000000019d8        0x4 src/watchface.c.14.o

.igot.plt       0x00000000000019dc        0x0
 .igot.plt      0x0000000000000000        0x0 /usr/local/Cellar/pebble-toolchain/2.0/arm-cs-tools/bin/../lib/gcc/arm-none-eabi/4.7.2/thumb2/crtbegin.o

.bss            0x00000000000019dc       0x9e
 *(.bss)
 *(.bss.*)
 .bss.s_time_font
                0x00000000000019dc        0x4 src/watchface.c.14.o
 .bss.s_con_layer
                0x00000000000019e0        0x4 src/watchface.c.14.o
 .bss.layer     0x00000000000019e4        0x4 src/watchface.c.14.o
 .bss.s_date_buffer.7570
                0x00000000000019e8        0xc src/watchface.c.14.o
 .bss.temperature_buffer.7430
                0x00000000000019f4        0x8 src/watchface.c.14.o
 .bss.s_con_font
                0x00000000000019fc        0x4 src/watchface.c.14.o
 .bss.s_time_until_font
                0x0000000000001a00        0x4 src/watchface.c.14.o
 .bss.bu.7572   0x0000000000001a04        0x5 src/watchface.c.14.o
 *fill*         0x0000000000001a09        0x3 
 .bss.s_main_window
                0x0000000000001a0c        0x4 src/watchface.c.14.o
 .bss.s_weather_layer
                0x0000000000001a10        0x4 src/watchface.c.14.o
 .bss.s_time_layer
                0x0000000000001a14        0x4 src/watchface.c.14.o
 .bss.s_date_layer
                0x0000000000001a18        0x4 src/watchface.c.14.o
 .bss.conditions_buffer.7431
                0x0000000000001a1c       0x20 src/watchface.c.14.o
 .bss.s_weather_font
                0x0000000000001a3c        0x4 src/watchface.c.14.o
 .bss.secondsColor
                0x0000000000001a40        0x1 src/watchface.c.14.o
 *fill*         0x0000000000001a41        0x3 
 .bss.s_date_font
                0x0000000000001a44        0x4 src/watchface.c.14.o
 .bss.s_time_until_layer
                0x0000000000001a48        0x4 src/watchface.c.14.o
 .bss.seconds   0x0000000000001a4c        0x4 src/watchface.c.14.o
 .bss.s_buffer.7569
                0x0000000000001a50        0xa src/watchface.c.14.o
 .bss.weather_layer_buffer.7432
                0x0000000000001a5a       0x20 src/watchface.c.14.o

DISCARD
 libc.a(*)
 libm.a(*)
 libgcc.a(*)
 *(.eh_frame)
OUTPUT(/Users/Martin/Desktop/Desktop/pebble/watchface_old/watchface/build/aplite/pebble-app.elf elf32-littlearm)

.ARM.attributes
                0x0000000000000000       0x27
 .ARM.attributes
                0x0000000000000000       0x19 /usr/local/Cellar/pebble-toolchain/2.0/arm-cs-tools/bin/../lib/gcc/arm-none-eabi/4.7.2/thumb2/crti.o
 .ARM.attributes
                0x0000000000000019       0x29 /usr/local/Cellar/pebble-toolchain/2.0/arm-cs-tools/bin/../lib/gcc/arm-none-eabi/4.7.2/thumb2/crtbegin.o
 .ARM.attributes
                0x0000000000000042       0x33 src/watchface.c.14.o
 .ARM.attributes
                0x0000000000000075       0x33 aplite/appinfo.auto.c.14.o
 .ARM.attributes
                0x00000000000000a8       0x21 /Users/Martin/Library/Application Support/Pebble SDK/SDKs/current/sdk-core/pebble/aplite/lib/libpebble.a(tmp1DSiDppebble.o)
 .ARM.attributes
                0x00000000000000c9       0x19 /usr/local/Cellar/pebble-toolchain/2.0/arm-cs-tools/bin/../lib/gcc/arm-none-eabi/4.7.2/thumb2/libgcc.a(_arm_addsubdf3.o)
 .ARM.attributes
                0x00000000000000e2       0x19 /usr/local/Cellar/pebble-toolchain/2.0/arm-cs-tools/bin/../lib/gcc/arm-none-eabi/4.7.2/thumb2/libgcc.a(_arm_muldivdf3.o)
 .ARM.attributes
                0x00000000000000fb       0x19 /usr/local/Cellar/pebble-toolchain/2.0/arm-cs-tools/bin/../lib/gcc/arm-none-eabi/4.7.2/thumb2/libgcc.a(_arm_fixdfsi.o)
 .ARM.attributes
                0x0000000000000114       0x29 /usr/local/Cellar/pebble-toolchain/2.0/arm-cs-tools/bin/../lib/gcc/arm-none-eabi/4.7.2/thumb2/crtend.o
 .ARM.attributes
                0x000000000000013d       0x19 /usr/local/Cellar/pebble-toolchain/2.0/arm-cs-tools/bin/../lib/gcc/arm-none-eabi/4.7.2/thumb2/crtn.o

.comment        0x0000000000000000       0x4e
 .comment       0x0000000000000000       0x4e /usr/local/Cellar/pebble-toolchain/2.0/arm-cs-tools/bin/../lib/gcc/arm-none-eabi/4.7.2/thumb2/crtbegin.o
                                         0x4f (size before relaxing)
 .comment       0x0000000000000000       0x4f src/watchface.c.14.o
 .comment       0x0000000000000000       0x4f aplite/appinfo.auto.c.14.o
 .comment       0x0000000000000000       0x4f /usr/local/Cellar/pebble-toolchain/2.0/arm-cs-tools/bin/../lib/gcc/arm-none-eabi/4.7.2/thumb2/crtend.o

.debug_info     0x0000000000000000     0x2868
 .debug_info    0x0000000000000000     0x22cd src/watchface.c.14.o
 .debug_info    0x00000000000022cd      0x370 aplite/appinfo.auto.c.14.o
 .debug_info    0x000000000000263d       0xb9 /usr/local/Cellar/pebble-toolchain/2.0/arm-cs-tools/bin/../lib/gcc/arm-none-eabi/4.7.2/thumb2/libgcc.a(_arm_addsubdf3.o)
 .debug_info    0x00000000000026f6       0xb9 /usr/local/Cellar/pebble-toolchain/2.0/arm-cs-tools/bin/../lib/gcc/arm-none-eabi/4.7.2/thumb2/libgcc.a(_arm_muldivdf3.o)
 .debug_info    0x00000000000027af       0xb9 /usr/local/Cellar/pebble-toolchain/2.0/arm-cs-tools/bin/../lib/gcc/arm-none-eabi/4.7.2/thumb2/libgcc.a(_arm_fixdfsi.o)

.debug_abbrev   0x0000000000000000      0x565
 .debug_abbrev  0x0000000000000000      0x48b src/watchface.c.14.o
 .debug_abbrev  0x000000000000048b       0x9e aplite/appinfo.auto.c.14.o
 .debug_abbrev  0x0000000000000529       0x14 /usr/local/Cellar/pebble-toolchain/2.0/arm-cs-tools/bin/../lib/gcc/arm-none-eabi/4.7.2/thumb2/libgcc.a(_arm_addsubdf3.o)
 .debug_abbrev  0x000000000000053d       0x14 /usr/local/Cellar/pebble-toolchain/2.0/arm-cs-tools/bin/../lib/gcc/arm-none-eabi/4.7.2/thumb2/libgcc.a(_arm_muldivdf3.o)
 .debug_abbrev  0x0000000000000551       0x14 /usr/local/Cellar/pebble-toolchain/2.0/arm-cs-tools/bin/../lib/gcc/arm-none-eabi/4.7.2/thumb2/libgcc.a(_arm_fixdfsi.o)

.debug_loc      0x0000000000000000      0x81c
 .debug_loc     0x0000000000000000      0x81c src/watchface.c.14.o

.debug_aranges  0x0000000000000000      0x118
 .debug_aranges
                0x0000000000000000       0xa0 src/watchface.c.14.o
 .debug_aranges
                0x00000000000000a0       0x18 aplite/appinfo.auto.c.14.o
 .debug_aranges
                0x00000000000000b8       0x20 /usr/local/Cellar/pebble-toolchain/2.0/arm-cs-tools/bin/../lib/gcc/arm-none-eabi/4.7.2/thumb2/libgcc.a(_arm_addsubdf3.o)
 .debug_aranges
                0x00000000000000d8       0x20 /usr/local/Cellar/pebble-toolchain/2.0/arm-cs-tools/bin/../lib/gcc/arm-none-eabi/4.7.2/thumb2/libgcc.a(_arm_muldivdf3.o)
 .debug_aranges
                0x00000000000000f8       0x20 /usr/local/Cellar/pebble-toolchain/2.0/arm-cs-tools/bin/../lib/gcc/arm-none-eabi/4.7.2/thumb2/libgcc.a(_arm_fixdfsi.o)

.debug_ranges   0x0000000000000000      0x150
 .debug_ranges  0x0000000000000000      0x150 src/watchface.c.14.o

.debug_line     0x0000000000000000      0xbd0
 .debug_line    0x0000000000000000      0x5c3 src/watchface.c.14.o
 .debug_line    0x00000000000005c3      0x157 aplite/appinfo.auto.c.14.o
 .debug_line    0x000000000000071a      0x20a /usr/local/Cellar/pebble-toolchain/2.0/arm-cs-tools/bin/../lib/gcc/arm-none-eabi/4.7.2/thumb2/libgcc.a(_arm_addsubdf3.o)
 .debug_line    0x0000000000000924      0x226 /usr/local/Cellar/pebble-toolchain/2.0/arm-cs-tools/bin/../lib/gcc/arm-none-eabi/4.7.2/thumb2/libgcc.a(_arm_muldivdf3.o)
 .debug_line    0x0000000000000b4a       0x86 /usr/local/Cellar/pebble-toolchain/2.0/arm-cs-tools/bin/../lib/gcc/arm-none-eabi/4.7.2/thumb2/libgcc.a(_arm_fixdfsi.o)

.debug_str      0x0000000000000000     0x129e
 .debug_str     0x0000000000000000     0x1085 src/watchface.c.14.o
                                       0x114a (size before relaxing)
 .debug_str     0x0000000000001085      0x219 aplite/appinfo.auto.c.14.o
                                        0x4a8 (size before relaxing)

.debug_frame    0x0000000000000000      0x1e0
 .debug_frame   0x0000000000000000      0x1e0 src/watchface.c.14.o
