Archive member included because of file (symbol)

/Users/Martin/Library/Application Support/Pebble SDK/SDKs/current/sdk-core/pebble/aplite/lib/libpebble.a(tmpqJHmb5pebble.o)
                              src/watchface.c.19.o (app_event_loop)
/usr/local/Cellar/pebble-toolchain/2.0/arm-cs-tools/bin/../lib/gcc/arm-none-eabi/4.7.2/thumb2/libgcc.a(_arm_addsubdf3.o)
                              src/watchface.c.19.o (__aeabi_dsub)
/usr/local/Cellar/pebble-toolchain/2.0/arm-cs-tools/bin/../lib/gcc/arm-none-eabi/4.7.2/thumb2/libgcc.a(_arm_muldivdf3.o)
                              src/watchface.c.19.o (__aeabi_dmul)
/usr/local/Cellar/pebble-toolchain/2.0/arm-cs-tools/bin/../lib/gcc/arm-none-eabi/4.7.2/thumb2/libgcc.a(_arm_fixdfsi.o)
                              src/watchface.c.19.o (__aeabi_d2iz)

Discarded input sections

 .text          0x0000000000000000        0x0 /usr/local/Cellar/pebble-toolchain/2.0/arm-cs-tools/bin/../lib/gcc/arm-none-eabi/4.7.2/thumb2/crti.o
 .bss           0x0000000000000000        0x0 /usr/local/Cellar/pebble-toolchain/2.0/arm-cs-tools/bin/../lib/gcc/arm-none-eabi/4.7.2/thumb2/crti.o
 .init          0x0000000000000000        0x4 /usr/local/Cellar/pebble-toolchain/2.0/arm-cs-tools/bin/../lib/gcc/arm-none-eabi/4.7.2/thumb2/crti.o
 .fini          0x0000000000000000        0x4 /usr/local/Cellar/pebble-toolchain/2.0/arm-cs-tools/bin/../lib/gcc/arm-none-eabi/4.7.2/thumb2/crti.o
 .text          0x0000000000000000       0xc8 /usr/local/Cellar/pebble-toolchain/2.0/arm-cs-tools/bin/../lib/gcc/arm-none-eabi/4.7.2/thumb2/crtbegin.o
 .bss           0x0000000000000000       0x1c /usr/local/Cellar/pebble-toolchain/2.0/arm-cs-tools/bin/../lib/gcc/arm-none-eabi/4.7.2/thumb2/crtbegin.o
 .init_array    0x0000000000000000        0x4 /usr/local/Cellar/pebble-toolchain/2.0/arm-cs-tools/bin/../lib/gcc/arm-none-eabi/4.7.2/thumb2/crtbegin.o
 .fini_array    0x0000000000000000        0x4 /usr/local/Cellar/pebble-toolchain/2.0/arm-cs-tools/bin/../lib/gcc/arm-none-eabi/4.7.2/thumb2/crtbegin.o
 .eh_frame      0x0000000000000000        0x0 /usr/local/Cellar/pebble-toolchain/2.0/arm-cs-tools/bin/../lib/gcc/arm-none-eabi/4.7.2/thumb2/crtbegin.o
 .jcr           0x0000000000000000        0x0 /usr/local/Cellar/pebble-toolchain/2.0/arm-cs-tools/bin/../lib/gcc/arm-none-eabi/4.7.2/thumb2/crtbegin.o
 .tm_clone_table
                0x0000000000000000        0x0 /usr/local/Cellar/pebble-toolchain/2.0/arm-cs-tools/bin/../lib/gcc/arm-none-eabi/4.7.2/thumb2/crtbegin.o
 .text          0x0000000000000000        0x0 src/watchface.c.19.o
 .bss           0x0000000000000000        0x0 src/watchface.c.19.o
 .text          0x0000000000000000        0x0 aplite/appinfo.auto.c.19.o
 .bss           0x0000000000000000        0x0 aplite/appinfo.auto.c.19.o
 .text          0x0000000000000000        0x0 aplite/src/resource_ids.auto.c.19.o
 .bss           0x0000000000000000        0x0 aplite/src/resource_ids.auto.c.19.o
 .data.RESOURCE_ID_FONT_POPPINS_8
                0x0000000000000000        0x4 aplite/src/resource_ids.auto.c.19.o
 .data.RESOURCE_ID_FONT_POPPINS_20
                0x0000000000000000        0x4 aplite/src/resource_ids.auto.c.19.o
 .data.RESOURCE_ID_FONT_POPPINS_24
                0x0000000000000000        0x4 aplite/src/resource_ids.auto.c.19.o
 .data.RESOURCE_ID_IMAGE_PREVIEW
                0x0000000000000000        0x4 aplite/src/resource_ids.auto.c.19.o
 .data.RESOURCE_ID_FONT_ORBITRON_20
                0x0000000000000000        0x4 aplite/src/resource_ids.auto.c.19.o
 .data.RESOURCE_ID_FONT_ORBITRON_40
                0x0000000000000000        0x4 aplite/src/resource_ids.auto.c.19.o
 .text          0x0000000000000000        0x0 src/message_keys.auto.c.19.o
 .bss           0x0000000000000000        0x0 src/message_keys.auto.c.19.o
 .data.MESSAGE_KEY_KEY_MINUTES_TO
                0x0000000000000000        0x4 src/message_keys.auto.c.19.o
 .bss.MESSAGE_KEY_KEY_TEMPERATURE
                0x0000000000000000        0x4 src/message_keys.auto.c.19.o
 .data.MESSAGE_KEY_KEY_SECONDS_STYLE
                0x0000000000000000        0x4 src/message_keys.auto.c.19.o
 .data.MESSAGE_KEY_KEY_HOURS_TO
                0x0000000000000000        0x4 src/message_keys.auto.c.19.o
 .data.MESSAGE_KEY_KEY_CONDITIONS
                0x0000000000000000        0x4 src/message_keys.auto.c.19.o
 .bss           0x0000000000000000        0x0 /Users/Martin/Library/Application Support/Pebble SDK/SDKs/current/sdk-core/pebble/aplite/lib/libpebble.a(tmpqJHmb5pebble.o)
 .text.accel_data_service_subscribe__deprecated
                0x0000000000000000        0xc /Users/Martin/Library/Application Support/Pebble SDK/SDKs/current/sdk-core/pebble/aplite/lib/libpebble.a(tmpqJHmb5pebble.o)
 .text.accel_data_service_unsubscribe
                0x0000000000000000        0xc /Users/Martin/Library/Application Support/Pebble SDK/SDKs/current/sdk-core/pebble/aplite/lib/libpebble.a(tmpqJHmb5pebble.o)
 .text.accel_service_peek
[...]
Memory Configuration

Name             Origin             Length             Attributes
APP              0x0000000000000000 0x0000000000006000 xrw
*default*        0x0000000000000000 0xffffffffffffffff

Linker script and memory map

LOAD /usr/local/Cellar/pebble-toolchain/2.0/arm-cs-tools/bin/../lib/gcc/arm-none-eabi/4.7.2/thumb2/crti.o
LOAD /usr/local/Cellar/pebble-toolchain/2.0/arm-cs-tools/bin/../lib/gcc/arm-none-eabi/4.7.2/thumb2/crtbegin.o
LOAD src/watchface.c.19.o
LOAD aplite/appinfo.auto.c.19.o
LOAD aplite/src/resource_ids.auto.c.19.o
LOAD src/message_keys.auto.c.19.o
LOAD /Users/Martin/Library/Application Support/Pebble SDK/SDKs/current/sdk-core/pebble/aplite/lib/libpebble.a
START GROUP
LOAD /usr/local/Cellar/pebble-toolchain/2.0/arm-cs-tools/bin/../lib/gcc/arm-none-eabi/4.7.2/thumb2/libgcc.a
LOAD /usr/local/Cellar/pebble-toolchain/2.0/arm-cs-tools/bin/../lib/gcc/arm-none-eabi/4.7.2/../../../../arm-none-eabi/lib/thumb2/libc.a
END GROUP
LOAD /usr/local/Cellar/pebble-toolchain/2.0/arm-cs-tools/bin/../lib/gcc/arm-none-eabi/4.7.2/thumb2/crtend.o
LOAD /usr/local/Cellar/pebble-toolchain/2.0/arm-cs-tools/bin/../lib/gcc/arm-none-eabi/4.7.2/thumb2/crtn.o

.header         0x0000000000000000       0x82
 *(.pbl_header)
 .pbl_header    0x0000000000000000       0x82 aplite/appinfo.auto.c.19.o
                0x0000000000000000                __pbl_app_info

.note.gnu.build-id
                0x0000000000000082       0x26
                0x0000000000000082                PROVIDE (BUILD_ID, .)
 *(.note.gnu.build-id)
 *fill*         0x0000000000000082        0x2 
 .note.gnu.build-id
                0x0000000000000084       0x24 linker stubs

.text           0x00000000000000a8     0x1993
 *(.text)
 .text          0x00000000000000a8       0x14 /Users/Martin/Library/Application Support/Pebble SDK/SDKs/current/sdk-core/pebble/aplite/lib/libpebble.a(tmpqJHmb5pebble.o)
 .text          0x00000000000000bc      0x370 /usr/local/Cellar/pebble-toolchain/2.0/arm-cs-tools/bin/../lib/gcc/arm-none-eabi/4.7.2/thumb2/libgcc.a(_arm_addsubdf3.o)
                0x00000000000000bc                __aeabi_drsub
                0x00000000000000c4                __subdf3
                0x00000000000000c4                __aeabi_dsub
                0x00000000000000c8                __aeabi_dadd
                0x00000000000000c8                __adddf3
                0x0000000000000340                __aeabi_ui2d
                0x0000000000000340                __floatunsidf
                0x0000000000000360                __floatsidf
                0x0000000000000360                __aeabi_i2d
                0x0000000000000384                __extendsfdf2
                0x0000000000000384                __aeabi_f2d
                0x00000000000003c0                __aeabi_ul2d
                0x00000000000003c0                __floatundidf
                0x00000000000003d0                __aeabi_l2d
                0x00000000000003d0                __floatdidf
 .text          0x000000000000042c      0x424 /usr/local/Cellar/pebble-toolchain/2.0/arm-cs-tools/bin/../lib/gcc/arm-none-eabi/4.7.2/thumb2/libgcc.a(_arm_muldivdf3.o)
                0x000000000000042c                __aeabi_dmul
                0x000000000000042c                __muldf3
                0x0000000000000680                __aeabi_ddiv
                0x0000000000000680                __divdf3
 .text          0x0000000000000850       0x50 /usr/local/Cellar/pebble-toolchain/2.0/arm-cs-tools/bin/../lib/gcc/arm-none-eabi/4.7.2/thumb2/libgcc.a(_arm_fixdfsi.o)
                0x0000000000000850                __fixdfsi
                0x0000000000000850                __aeabi_d2iz
 *(.text.*)
 .text.battery_handler
                0x00000000000008a0       0x58 src/watchface.c.19.o
 .text.outbox_sent_callback
                0x00000000000008f8       0x18 src/watchface.c.19.o
 .text.outbox_failed_callback
                0x0000000000000910       0x18 src/watchface.c.19.o
 .text.inbox_dropped_callback
                0x0000000000000928       0x18 src/watchface.c.19.o
 .text.update_display_style1
                0x0000000000000940      0x2b8 src/watchface.c.19.o
 .text.update_time_to
                0x0000000000000bf8       0x18 src/watchface.c.19.o
 .text.update_time
                0x0000000000000c10      0x1d4 src/watchface.c.19.o
 .text.main_window_unload
                0x0000000000000de4       0xa0 src/watchface.c.19.o
 *fill*         0x0000000000000e84        0x4 
 .text.calcLen2
                0x0000000000000e88       0x48 src/watchface.c.19.o
 .text.update_style
                0x0000000000000ed0       0x4c src/watchface.c.19.o
 .text.inbox_received_callback
                0x0000000000000f1c      0x12c src/watchface.c.19.o
 .text.tick_handler
                0x0000000000001048       0x78 src/watchface.c.19.o
 .text.bluetooth_handler
                0x00000000000010c0       0x44 src/watchface.c.19.o
 .text.main_window_load
                0x0000000000001104      0x398 src/watchface.c.19.o
 *fill*         0x000000000000149c        0x4 
 .text.calcLen4
                0x00000000000014a0       0x70 src/watchface.c.19.o
 .text.update_display_style2
                0x0000000000001510      0x188 src/watchface.c.19.o
 .text.startup.main
                0x0000000000001698       0x90 src/watchface.c.19.o
                0x0000000000001698                main
 .text.app_event_loop
                0x0000000000001728        0xc /Users/Martin/Library/Application Support/Pebble SDK/SDKs/current/sdk-core/pebble/aplite/lib/libpebble.a(tmpqJHmb5pebble.o)
                0x0000000000001728                app_event_loop
 .text.app_log  0x0000000000001734        0xc /Users/Martin/Library/Application Support/Pebble SDK/SDKs/current/sdk-core/pebble/aplite/lib/libpebble.a(tmpqJHmb5pebble.o)
                0x0000000000001734                app_log
 .text.app_message_open
                0x0000000000001740        0xc /Users/Martin/Library/Application Support/Pebble SDK/SDKs/current/sdk-core/pebble/aplite/lib/libpebble.a(tmpqJHmb5pebble.o)
                0x0000000000001740                app_message_open
 .text.battery_state_service_peek
                0x000000000000174c        0xc /Users/Martin/Library/Application Support/Pebble SDK/SDKs/current/sdk-core/pebble/aplite/lib/libpebble.a(tmpqJHmb5pebble.o)
                0x000000000000174c                battery_state_service_peek
 .text.battery_state_service_subscribe
                0x0000000000001758        0xc /Users/Martin/Library/Application Support/Pebble SDK/SDKs/current/sdk-core/pebble/aplite/lib/libpebble.a(tmpqJHmb5pebble.o)
                0x0000000000001758                battery_state_service_subscribe
 .text.battery_state_service_unsubscribe
                0x0000000000001764        0xc /Users/Martin/Library/Application Support/Pebble SDK/SDKs/current/sdk-core/pebble/aplite/lib/libpebble.a(tmpqJHmb5pebble.o)
                0x0000000000001764                battery_state_service_unsubscribe
 .text.dict_find
                0x0000000000001770        0xc /Users/Martin/Library/Application Support/Pebble SDK/SDKs/current/sdk-core/pebble/aplite/lib/libpebble.a(tmpqJHmb5pebble.o)
                0x0000000000001770                dict_find
 .text.dict_write_uint8
                0x000000000000177c        0xc /Users/Martin/Library/Application Support/Pebble SDK/SDKs/current/sdk-core/pebble/aplite/lib/libpebble.a(tmpqJHmb5pebble.o)
                0x000000000000177c                dict_write_uint8
 .text.fonts_load_custom_font
                0x0000000000001788        0xc /Users/Martin/Library/Application Support/Pebble SDK/SDKs/current/sdk-core/pebble/aplite/lib/libpebble.a(tmpqJHmb5pebble.o)
                0x0000000000001788                fonts_load_custom_font
 .text.fonts_unload_custom_font
                0x0000000000001794        0xc /Users/Martin/Library/Application Support/Pebble SDK/SDKs/current/sdk-core/pebble/aplite/lib/libpebble.a(tmpqJHmb5pebble.o)
                0x0000000000001794                fonts_unload_custom_font
 .text.graphics_fill_circle
                0x00000000000017a0        0xc /Users/Martin/Library/Application Support/Pebble SDK/SDKs/current/sdk-core/pebble/aplite/lib/libpebble.a(tmpqJHmb5pebble.o)
                0x00000000000017a0                graphics_fill_circle
 .text.graphics_fill_rect
                0x00000000000017ac        0xc /Users/Martin/Library/Application Support/Pebble SDK/SDKs/current/sdk-core/pebble/aplite/lib/libpebble.a(tmpqJHmb5pebble.o)
                0x00000000000017ac                graphics_fill_rect
 .text.layer_add_child
                0x00000000000017b8        0xc /Users/Martin/Library/Application Support/Pebble SDK/SDKs/current/sdk-core/pebble/aplite/lib/libpebble.a(tmpqJHmb5pebble.o)
                0x00000000000017b8                layer_add_child
 .text.layer_create
                0x00000000000017c4        0xc /Users/Martin/Library/Application Support/Pebble SDK/SDKs/current/sdk-core/pebble/aplite/lib/libpebble.a(tmpqJHmb5pebble.o)
                0x00000000000017c4                layer_create
 .text.layer_get_bounds
                0x00000000000017d0        0xc /Users/Martin/Library/Application Support/Pebble SDK/SDKs/current/sdk-core/pebble/aplite/lib/libpebble.a(tmpqJHmb5pebble.o)
                0x00000000000017d0                layer_get_bounds
 .text.layer_mark_dirty
                0x00000000000017dc        0xc /Users/Martin/Library/Application Support/Pebble SDK/SDKs/current/sdk-core/pebble/aplite/lib/libpebble.a(tmpqJHmb5pebble.o)
                0x00000000000017dc                layer_mark_dirty
 .text.layer_set_hidden
                0x00000000000017e8        0xc /Users/Martin/Library/Application Support/Pebble SDK/SDKs/current/sdk-core/pebble/aplite/lib/libpebble.a(tmpqJHmb5pebble.o)
                0x00000000000017e8                layer_set_hidden
 .text.layer_set_update_proc
                0x00000000000017f4        0xc /Users/Martin/Library/Application Support/Pebble SDK/SDKs/current/sdk-core/pebble/aplite/lib/libpebble.a(tmpqJHmb5pebble.o)
                0x00000000000017f4                layer_set_update_proc
 .text.memset   0x0000000000001800        0xc /Users/Martin/Library/Application Support/Pebble SDK/SDKs/current/sdk-core/pebble/aplite/lib/libpebble.a(tmpqJHmb5pebble.o)
                0x0000000000001800                memset
 .text.persist_read_int
                0x000000000000180c        0xc /Users/Martin/Library/Application Support/Pebble SDK/SDKs/current/sdk-core/pebble/aplite/lib/libpebble.a(tmpqJHmb5pebble.o)
                0x000000000000180c                persist_read_int
 .text.persist_write_int
                0x0000000000001818        0xc /Users/Martin/Library/Application Support/Pebble SDK/SDKs/current/sdk-core/pebble/aplite/lib/libpebble.a(tmpqJHmb5pebble.o)
                0x0000000000001818                persist_write_int
 .text.resource_get_handle
                0x0000000000001824        0xc /Users/Martin/Library/Application Support/Pebble SDK/SDKs/current/sdk-core/pebble/aplite/lib/libpebble.a(tmpqJHmb5pebble.o)
                0x0000000000001824                resource_get_handle
 .text.snprintf
                0x0000000000001830        0xc /Users/Martin/Library/Application Support/Pebble SDK/SDKs/current/sdk-core/pebble/aplite/lib/libpebble.a(tmpqJHmb5pebble.o)
                0x0000000000001830                snprintf
 .text.strftime
                0x000000000000183c        0xc /Users/Martin/Library/Application Support/Pebble SDK/SDKs/current/sdk-core/pebble/aplite/lib/libpebble.a(tmpqJHmb5pebble.o)
                0x000000000000183c                strftime
 .text.tick_timer_service_subscribe
                0x0000000000001848        0xc /Users/Martin/Library/Application Support/Pebble SDK/SDKs/current/sdk-core/pebble/aplite/lib/libpebble.a(tmpqJHmb5pebble.o)
                0x0000000000001848                tick_timer_service_subscribe
 .text.tick_timer_service_unsubscribe
                0x0000000000001854        0xc /Users/Martin/Library/Application Support/Pebble SDK/SDKs/current/sdk-core/pebble/aplite/lib/libpebble.a(tmpqJHmb5pebble.o)
                0x0000000000001854                tick_timer_service_unsubscribe
 .text.vibes_short_pulse
                0x0000000000001860        0xc /Users/Martin/Library/Application Support/Pebble SDK/SDKs/current/sdk-core/pebble/aplite/lib/libpebble.a(tmpqJHmb5pebble.o)
                0x0000000000001860                vibes_short_pulse
 .text.window_create
                0x000000000000186c        0xc /Users/Martin/Library/Application Support/Pebble SDK/SDKs/current/sdk-core/pebble/aplite/lib/libpebble.a(tmpqJHmb5pebble.o)
                0x000000000000186c                window_create
 .text.window_destroy
                0x0000000000001878        0xc /Users/Martin/Library/Application Support/Pebble SDK/SDKs/current/sdk-core/pebble/aplite/lib/libpebble.a(tmpqJHmb5pebble.o)
                0x0000000000001878                window_destroy
 .text.window_get_root_layer
                0x0000000000001884        0xc /Users/Martin/Library/Application Support/Pebble SDK/SDKs/current/sdk-core/pebble/aplite/lib/libpebble.a(tmpqJHmb5pebble.o)
                0x0000000000001884                window_get_root_layer
 .text.window_set_window_handlers
                0x0000000000001890        0xc /Users/Martin/Library/Application Support/Pebble SDK/SDKs/current/sdk-core/pebble/aplite/lib/libpebble.a(tmpqJHmb5pebble.o)
                0x0000000000001890                window_set_window_handlers
 .text.window_stack_push
                0x000000000000189c        0xc /Users/Martin/Library/Application Support/Pebble SDK/SDKs/current/sdk-core/pebble/aplite/lib/libpebble.a(tmpqJHmb5pebble.o)
                0x000000000000189c                window_stack_push
 .text.app_message_outbox_begin
                0x00000000000018a8        0xc /Users/Martin/Library/Application Support/Pebble SDK/SDKs/current/sdk-core/pebble/aplite/lib/libpebble.a(tmpqJHmb5pebble.o)
                0x00000000000018a8                app_message_outbox_begin
 .text.app_message_outbox_send
                0x00000000000018b4        0xc /Users/Martin/Library/Application Support/Pebble SDK/SDKs/current/sdk-core/pebble/aplite/lib/libpebble.a(tmpqJHmb5pebble.o)
                0x00000000000018b4                app_message_outbox_send
 .text.app_message_register_inbox_dropped
                0x00000000000018c0        0xc /Users/Martin/Library/Application Support/Pebble SDK/SDKs/current/sdk-core/pebble/aplite/lib/libpebble.a(tmpqJHmb5pebble.o)
                0x00000000000018c0                app_message_register_inbox_dropped
 .text.app_message_register_inbox_received
                0x00000000000018cc        0xc /Users/Martin/Library/Application Support/Pebble SDK/SDKs/current/sdk-core/pebble/aplite/lib/libpebble.a(tmpqJHmb5pebble.o)
                0x00000000000018cc                app_message_register_inbox_received
 .text.app_message_register_outbox_failed
                0x00000000000018d8        0xc /Users/Martin/Library/Application Support/Pebble SDK/SDKs/current/sdk-core/pebble/aplite/lib/libpebble.a(tmpqJHmb5pebble.o)
                0x00000000000018d8                app_message_register_outbox_failed
 .text.app_message_register_outbox_sent
                0x00000000000018e4        0xc /Users/Martin/Library/Application Support/Pebble SDK/SDKs/current/sdk-core/pebble/aplite/lib/libpebble.a(tmpqJHmb5pebble.o)
                0x00000000000018e4                app_message_register_outbox_sent
 .text.graphics_context_set_fill_color
                0x00000000000018f0        0xc /Users/Martin/Library/Application Support/Pebble SDK/SDKs/current/sdk-core/pebble/aplite/lib/libpebble.a(tmpqJHmb5pebble.o)
                0x00000000000018f0                graphics_context_set_fill_color
 .text.window_set_background_color
                0x00000000000018fc        0xc /Users/Martin/Library/Application Support/Pebble SDK/SDKs/current/sdk-core/pebble/aplite/lib/libpebble.a(tmpqJHmb5pebble.o)
                0x00000000000018fc                window_set_background_color
 .text.localtime
                0x0000000000001908        0xc /Users/Martin/Library/Application Support/Pebble SDK/SDKs/current/sdk-core/pebble/aplite/lib/libpebble.a(tmpqJHmb5pebble.o)
                0x0000000000001908                localtime
 .text.text_layer_create
                0x0000000000001914        0xc /Users/Martin/Library/Application Support/Pebble SDK/SDKs/current/sdk-core/pebble/aplite/lib/libpebble.a(tmpqJHmb5pebble.o)
                0x0000000000001914                text_layer_create
 .text.text_layer_destroy
                0x0000000000001920        0xc /Users/Martin/Library/Application Support/Pebble SDK/SDKs/current/sdk-core/pebble/aplite/lib/libpebble.a(tmpqJHmb5pebble.o)
                0x0000000000001920                text_layer_destroy
 .text.text_layer_get_layer
                0x000000000000192c        0xc /Users/Martin/Library/Application Support/Pebble SDK/SDKs/current/sdk-core/pebble/aplite/lib/libpebble.a(tmpqJHmb5pebble.o)
                0x000000000000192c                text_layer_get_layer
 .text.text_layer_set_background_color
                0x0000000000001938        0xc /Users/Martin/Library/Application Support/Pebble SDK/SDKs/current/sdk-core/pebble/aplite/lib/libpebble.a(tmpqJHmb5pebble.o)
                0x0000000000001938                text_layer_set_background_color
 .text.text_layer_set_font
                0x0000000000001944        0xc /Users/Martin/Library/Application Support/Pebble SDK/SDKs/current/sdk-core/pebble/aplite/lib/libpebble.a(tmpqJHmb5pebble.o)
                0x0000000000001944                text_layer_set_font
 .text.text_layer_set_text
                0x0000000000001950        0xc /Users/Martin/Library/Application Support/Pebble SDK/SDKs/current/sdk-core/pebble/aplite/lib/libpebble.a(tmpqJHmb5pebble.o)
                0x0000000000001950                text_layer_set_text
 .text.text_layer_set_text_alignment
                0x000000000000195c        0xc /Users/Martin/Library/Application Support/Pebble SDK/SDKs/current/sdk-core/pebble/aplite/lib/libpebble.a(tmpqJHmb5pebble.o)
                0x000000000000195c                text_layer_set_text_alignment
 .text.text_layer_set_text_color
                0x0000000000001968        0xc /Users/Martin/Library/Application Support/Pebble SDK/SDKs/current/sdk-core/pebble/aplite/lib/libpebble.a(tmpqJHmb5pebble.o)
                0x0000000000001968                text_layer_set_text_color
 .text.time     0x0000000000001974        0xc /Users/Martin/Library/Application Support/Pebble SDK/SDKs/current/sdk-core/pebble/aplite/lib/libpebble.a(tmpqJHmb5pebble.o)
                0x0000000000001974                time
 .text.connection_service_peek_pebble_app_connection
                0x0000000000001980        0xc /Users/Martin/Library/Application Support/Pebble SDK/SDKs/current/sdk-core/pebble/aplite/lib/libpebble.a(tmpqJHmb5pebble.o)
                0x0000000000001980                connection_service_peek_pebble_app_connection
 .text.connection_service_subscribe
                0x000000000000198c        0xc /Users/Martin/Library/Application Support/Pebble SDK/SDKs/current/sdk-core/pebble/aplite/lib/libpebble.a(tmpqJHmb5pebble.o)
                0x000000000000198c                connection_service_subscribe
 .text.connection_service_unsubscribe
                0x0000000000001998        0xc /Users/Martin/Library/Application Support/Pebble SDK/SDKs/current/sdk-core/pebble/aplite/lib/libpebble.a(tmpqJHmb5pebble.o)
                0x0000000000001998                connection_service_unsubscribe
 *(.rodata)
 *(.rodata*)
 .rodata.str1.1
                0x00000000000019a4       0x97 src/watchface.c.19.o
                                         0x9b (size before relaxing)

.glue_7         0x0000000000001a3c        0x0
 .glue_7        0x0000000000000000        0x0 linker stubs

.glue_7t        0x0000000000001a3c        0x0
 .glue_7t       0x0000000000000000        0x0 linker stubs

.vfp11_veneer   0x0000000000001a3c        0x0
 .vfp11_veneer  0x0000000000000000        0x0 linker stubs

.v4_bx          0x0000000000001a3c        0x0
 .v4_bx         0x0000000000000000        0x0 linker stubs

.iplt           0x0000000000001a3c        0x0
 .iplt          0x0000000000000000        0x0 /usr/local/Cellar/pebble-toolchain/2.0/arm-cs-tools/bin/../lib/gcc/arm-none-eabi/4.7.2/thumb2/crtbegin.o

.rel.dyn        0x0000000000001a3c        0x0
 .rel.iplt      0x0000000000000000        0x0 /usr/local/Cellar/pebble-toolchain/2.0/arm-cs-tools/bin/../lib/gcc/arm-none-eabi/4.7.2/thumb2/crtbegin.o

.data           0x0000000000001a3c       0x18
 *(.data)
 .data          0x0000000000001a3c        0x0 /usr/local/Cellar/pebble-toolchain/2.0/arm-cs-tools/bin/../lib/gcc/arm-none-eabi/4.7.2/thumb2/crti.o
 .data          0x0000000000001a3c        0x4 /usr/local/Cellar/pebble-toolchain/2.0/arm-cs-tools/bin/../lib/gcc/arm-none-eabi/4.7.2/thumb2/crtbegin.o
                0x0000000000001a3c                __dso_handle
 .data          0x0000000000001a40        0x0 src/watchface.c.19.o
 .data          0x0000000000001a40        0x0 aplite/appinfo.auto.c.19.o
 .data          0x0000000000001a40        0x0 aplite/src/resource_ids.auto.c.19.o
 .data          0x0000000000001a40        0x0 src/message_keys.auto.c.19.o
 .data          0x0000000000001a40        0x0 /Users/Martin/Library/Application Support/Pebble SDK/SDKs/current/sdk-core/pebble/aplite/lib/libpebble.a(tmpqJHmb5pebble.o)
 .data          0x0000000000001a40        0x0 /usr/local/Cellar/pebble-toolchain/2.0/arm-cs-tools/bin/../lib/gcc/arm-none-eabi/4.7.2/thumb2/libgcc.a(_arm_addsubdf3.o)
 .data          0x0000000000001a40        0x0 /usr/local/Cellar/pebble-toolchain/2.0/arm-cs-tools/bin/../lib/gcc/arm-none-eabi/4.7.2/thumb2/libgcc.a(_arm_muldivdf3.o)
 .data          0x0000000000001a40        0x0 /usr/local/Cellar/pebble-toolchain/2.0/arm-cs-tools/bin/../lib/gcc/arm-none-eabi/4.7.2/thumb2/libgcc.a(_arm_fixdfsi.o)
 .data          0x0000000000001a40        0x0 /usr/local/Cellar/pebble-toolchain/2.0/arm-cs-tools/bin/../lib/gcc/arm-none-eabi/4.7.2/thumb2/crtend.o
 .data          0x0000000000001a40        0x0 /usr/local/Cellar/pebble-toolchain/2.0/arm-cs-tools/bin/../lib/gcc/arm-none-eabi/4.7.2/thumb2/crtn.o
 *(.data.*)
 .data.diffOld  0x0000000000001a40        0x4 src/watchface.c.19.o
 .data.diff     0x0000000000001a44        0x4 src/watchface.c.19.o
 .data.secondsStyle
                0x0000000000001a48        0x4 src/watchface.c.19.o
 .data.minutes_to
                0x0000000000001a4c        0x4 src/watchface.c.19.o
 .data.hours_to
                0x0000000000001a50        0x4 src/watchface.c.19.o

.igot.plt       0x0000000000001a54        0x0
 .igot.plt      0x0000000000000000        0x0 /usr/local/Cellar/pebble-toolchain/2.0/arm-cs-tools/bin/../lib/gcc/arm-none-eabi/4.7.2/thumb2/crtbegin.o

.bss            0x0000000000001a54       0xa8
 *(.bss)
 *(.bss.*)
 .bss.temperature_buffer.7494
                0x0000000000001a54        0x8 src/watchface.c.19.o
 .bss.s_time_font
                0x0000000000001a5c        0x4 src/watchface.c.19.o
 .bss.s_buffer.7633
                0x0000000000001a60        0xa src/watchface.c.19.o
 *fill*         0x0000000000001a6a        0x2 
 .bss.layer     0x0000000000001a6c        0x4 src/watchface.c.19.o
 .bss.s_con_font
                0x0000000000001a70        0x4 src/watchface.c.19.o
 .bss.conditions_buffer.7495
                0x0000000000001a74       0x20 src/watchface.c.19.o
 .bss.s_time_until_font
                0x0000000000001a94        0x4 src/watchface.c.19.o
 .bss.s_main_window
                0x0000000000001a98        0x4 src/watchface.c.19.o
 .bss.s_weather_layer
                0x0000000000001a9c        0x4 src/watchface.c.19.o
 .bss.s_time_layer
                0x0000000000001aa0        0x4 src/watchface.c.19.o
 .bss.s_date_layer
                0x0000000000001aa4        0x4 src/watchface.c.19.o
 .bss.s_con_layer
                0x0000000000001aa8        0x4 src/watchface.c.19.o
 .bss.bu.7636   0x0000000000001aac        0x8 src/watchface.c.19.o
 .bss.secondsColor
                0x0000000000001ab4        0x1 src/watchface.c.19.o
 .bss.weather_layer_buffer.7496
                0x0000000000001ab5       0x20 src/watchface.c.19.o
 *fill*         0x0000000000001ad5        0x3 
 .bss.s_date_font
                0x0000000000001ad8        0x4 src/watchface.c.19.o
 .bss.s_date_buffer.7634
                0x0000000000001adc        0xc src/watchface.c.19.o
 .bss.s_month_buffer.7635
                0x0000000000001ae8        0x8 src/watchface.c.19.o
 .bss.s_time_until_layer
                0x0000000000001af0        0x4 src/watchface.c.19.o
 .bss.seconds   0x0000000000001af4        0x4 src/watchface.c.19.o
 .bss.s_weather_font
                0x0000000000001af8        0x4 src/watchface.c.19.o

DISCARD
 libc.a(*)
 libm.a(*)
 libgcc.a(*)
 *(.eh_frame)
OUTPUT(/Users/Martin/Desktop/Desktop/pebble/watchface_old/watchface/build/aplite/pebble-app.elf elf32-littlearm)

.ARM.attributes
                0x0000000000000000       0x27
 .ARM.attributes
                0x0000000000000000       0x19 /usr/local/Cellar/pebble-toolchain/2.0/arm-cs-tools/bin/../lib/gcc/arm-none-eabi/4.7.2/thumb2/crti.o
 .ARM.attributes
                0x0000000000000019       0x29 /usr/local/Cellar/pebble-toolchain/2.0/arm-cs-tools/bin/../lib/gcc/arm-none-eabi/4.7.2/thumb2/crtbegin.o
 .ARM.attributes
                0x0000000000000042       0x33 src/watchface.c.19.o
 .ARM.attributes
                0x0000000000000075       0x33 aplite/appinfo.auto.c.19.o
 .ARM.attributes
                0x00000000000000a8       0x33 aplite/src/resource_ids.auto.c.19.o
 .ARM.attributes
                0x00000000000000db       0x33 src/message_keys.auto.c.19.o
 .ARM.attributes
                0x000000000000010e       0x21 /Users/Martin/Library/Application Support/Pebble SDK/SDKs/current/sdk-core/pebble/aplite/lib/libpebble.a(tmpqJHmb5pebble.o)
 .ARM.attributes
                0x000000000000012f       0x19 /usr/local/Cellar/pebble-toolchain/2.0/arm-cs-tools/bin/../lib/gcc/arm-none-eabi/4.7.2/thumb2/libgcc.a(_arm_addsubdf3.o)
 .ARM.attributes
                0x0000000000000148       0x19 /usr/local/Cellar/pebble-toolchain/2.0/arm-cs-tools/bin/../lib/gcc/arm-none-eabi/4.7.2/thumb2/libgcc.a(_arm_muldivdf3.o)
 .ARM.attributes
                0x0000000000000161       0x19 /usr/local/Cellar/pebble-toolchain/2.0/arm-cs-tools/bin/../lib/gcc/arm-none-eabi/4.7.2/thumb2/libgcc.a(_arm_fixdfsi.o)
 .ARM.attributes
                0x000000000000017a       0x29 /usr/local/Cellar/pebble-toolchain/2.0/arm-cs-tools/bin/../lib/gcc/arm-none-eabi/4.7.2/thumb2/crtend.o
 .ARM.attributes
                0x00000000000001a3       0x19 /usr/local/Cellar/pebble-toolchain/2.0/arm-cs-tools/bin/../lib/gcc/arm-none-eabi/4.7.2/thumb2/crtn.o

.comment        0x0000000000000000       0x4e
 .comment       0x0000000000000000       0x4e /usr/local/Cellar/pebble-toolchain/2.0/arm-cs-tools/bin/../lib/gcc/arm-none-eabi/4.7.2/thumb2/crtbegin.o
                                         0x4f (size before relaxing)
 .comment       0x0000000000000000       0x4f src/watchface.c.19.o
 .comment       0x0000000000000000       0x4f aplite/appinfo.auto.c.19.o
 .comment       0x0000000000000000       0x4f aplite/src/resource_ids.auto.c.19.o
 .comment       0x0000000000000000       0x4f src/message_keys.auto.c.19.o
 .comment       0x0000000000000000       0x4f /usr/local/Cellar/pebble-toolchain/2.0/arm-cs-tools/bin/../lib/gcc/arm-none-eabi/4.7.2/thumb2/crtend.o

.debug_info     0x0000000000000000     0x2986
 .debug_info    0x0000000000000000     0x22a4 src/watchface.c.19.o
 .debug_info    0x00000000000022a4      0x313 aplite/appinfo.auto.c.19.o
 .debug_info    0x00000000000025b7       0xdb aplite/src/resource_ids.auto.c.19.o
 .debug_info    0x0000000000002692       0xc9 src/message_keys.auto.c.19.o
 .debug_info    0x000000000000275b       0xb9 /usr/local/Cellar/pebble-toolchain/2.0/arm-cs-tools/bin/../lib/gcc/arm-none-eabi/4.7.2/thumb2/libgcc.a(_arm_addsubdf3.o)
 .debug_info    0x0000000000002814       0xb9 /usr/local/Cellar/pebble-toolchain/2.0/arm-cs-tools/bin/../lib/gcc/arm-none-eabi/4.7.2/thumb2/libgcc.a(_arm_muldivdf3.o)
 .debug_info    0x00000000000028cd       0xb9 /usr/local/Cellar/pebble-toolchain/2.0/arm-cs-tools/bin/../lib/gcc/arm-none-eabi/4.7.2/thumb2/libgcc.a(_arm_fixdfsi.o)

.debug_abbrev   0x0000000000000000      0x5e0
 .debug_abbrev  0x0000000000000000      0x47e src/watchface.c.19.o
 .debug_abbrev  0x000000000000047e       0x9e aplite/appinfo.auto.c.19.o
 .debug_abbrev  0x000000000000051c       0x44 aplite/src/resource_ids.auto.c.19.o
 .debug_abbrev  0x0000000000000560       0x44 src/message_keys.auto.c.19.o
 .debug_abbrev  0x00000000000005a4       0x14 /usr/local/Cellar/pebble-toolchain/2.0/arm-cs-tools/bin/../lib/gcc/arm-none-eabi/4.7.2/thumb2/libgcc.a(_arm_addsubdf3.o)
 .debug_abbrev  0x00000000000005b8       0x14 /usr/local/Cellar/pebble-toolchain/2.0/arm-cs-tools/bin/../lib/gcc/arm-none-eabi/4.7.2/thumb2/libgcc.a(_arm_muldivdf3.o)
 .debug_abbrev  0x00000000000005cc       0x14 /usr/local/Cellar/pebble-toolchain/2.0/arm-cs-tools/bin/../lib/gcc/arm-none-eabi/4.7.2/thumb2/libgcc.a(_arm_fixdfsi.o)

.debug_loc      0x0000000000000000      0x811
 .debug_loc     0x0000000000000000      0x811 src/watchface.c.19.o

.debug_aranges  0x0000000000000000      0x148
 .debug_aranges
                0x0000000000000000       0xa0 src/watchface.c.19.o
 .debug_aranges
                0x00000000000000a0       0x18 aplite/appinfo.auto.c.19.o
 .debug_aranges
                0x00000000000000b8       0x18 aplite/src/resource_ids.auto.c.19.o
 .debug_aranges
                0x00000000000000d0       0x18 src/message_keys.auto.c.19.o
 .debug_aranges
                0x00000000000000e8       0x20 /usr/local/Cellar/pebble-toolchain/2.0/arm-cs-tools/bin/../lib/gcc/arm-none-eabi/4.7.2/thumb2/libgcc.a(_arm_addsubdf3.o)
 .debug_aranges
                0x0000000000000108       0x20 /usr/local/Cellar/pebble-toolchain/2.0/arm-cs-tools/bin/../lib/gcc/arm-none-eabi/4.7.2/thumb2/libgcc.a(_arm_muldivdf3.o)
 .debug_aranges
                0x0000000000000128       0x20 /usr/local/Cellar/pebble-toolchain/2.0/arm-cs-tools/bin/../lib/gcc/arm-none-eabi/4.7.2/thumb2/libgcc.a(_arm_fixdfsi.o)

.debug_ranges   0x0000000000000000      0x148
 .debug_ranges  0x0000000000000000      0x148 src/watchface.c.19.o

.debug_line     0x0000000000000000      0xcd4
 .debug_line    0x0000000000000000      0x568 src/watchface.c.19.o
 .debug_line    0x0000000000000568      0x135 aplite/appinfo.auto.c.19.o
 .debug_line    0x000000000000069d       0xc4 aplite/src/resource_ids.auto.c.19.o
 .debug_line    0x0000000000000761       0xbd src/message_keys.auto.c.19.o
 .debug_line    0x000000000000081e      0x20a /usr/local/Cellar/pebble-toolchain/2.0/arm-cs-tools/bin/../lib/gcc/arm-none-eabi/4.7.2/thumb2/libgcc.a(_arm_addsubdf3.o)
 .debug_line    0x0000000000000a28      0x226 /usr/local/Cellar/pebble-toolchain/2.0/arm-cs-tools/bin/../lib/gcc/arm-none-eabi/4.7.2/thumb2/libgcc.a(_arm_muldivdf3.o)
 .debug_line    0x0000000000000c4e       0x86 /usr/local/Cellar/pebble-toolchain/2.0/arm-cs-tools/bin/../lib/gcc/arm-none-eabi/4.7.2/thumb2/libgcc.a(_arm_fixdfsi.o)

.debug_str      0x0000000000000000     0x126d
 .debug_str     0x0000000000000000      0xeed src/watchface.c.19.o
                                        0xfb2 (size before relaxing)
 .debug_str     0x0000000000000eed      0x219 aplite/appinfo.auto.c.19.o
                                        0x314 (size before relaxing)
 .debug_str     0x0000000000001106       0xc6 aplite/src/resource_ids.auto.c.19.o
                                        0x1a2 (size before relaxing)
 .debug_str     0x00000000000011cc       0xa1 src/message_keys.auto.c.19.o
                                        0x17d (size before relaxing)

.debug_frame    0x0000000000000000      0x1e0
 .debug_frame   0x0000000000000000      0x1e0 src/watchface.c.19.o
